BlastHSPStreamRead returned status = 0
iterate_HSPs - have HSP [ 0 ] :
  oid = 125604
  score = 64
  query
  {
    frame = 1
    offset = 0
    end = 70
  }
  subject
  {
    frame = 1
    offset = 379
    end = 449
  }

iterate_HSPs - have HSP [ 0 ] :
  oid = 125605
  score = 64
  query
  {
    frame = 1
    offset = 0
    end = 70
  }
  subject
  {
    frame = 1
    offset = 379
    end = 449
  }

iterate_HSPs - have HSP [ 0 ] :
  oid = 164614
  score = 64
  query
  {
    frame = 1
    offset = 0
    end = 70
  }
  subject
  {
    frame = 1
    offset = 2415
    end = 2485
  }

iterate_HSPs - have HSP [ 0 ] :
  oid = 203890
  score = 46
  query
  {
    frame = 1
    offset = 3
    end = 70
  }
  subject
  {
    frame = 1
    offset = 363
    end = 430
  }

iterate_HSPs - have HSP [ 0 ] :
  oid = 377616
  score = 43
  query
  {
    frame = 1
    offset = 3
    end = 70
  }
  subject
  {
    frame = 1
    offset = 358
    end = 425
  }

iterate_HSPs - have HSP [ 0 ] :
  oid = 559578
  score = 46
  query
  {
    frame = 1
    offset = 3
    end = 70
  }
  subject
  {
    frame = 1
    offset = 400
    end = 467
  }

iterate_HSPs - have HSP [ 0 ] :
  oid = 575787
  score = 49
  query
  {
    frame = 1
    offset = 3
    end = 70
  }
  subject
  {
    frame = 1
    offset = 401
    end = 468
  }

iterate_HSPs - have HSP [ 0 ] :
  oid = 575788
  score = 49
  query
  {
    frame = 1
    offset = 3
    end = 70
  }
  subject
  {
    frame = 1
    offset = 401
    end = 468
  }

iterate_HSPs - have HSP [ 0 ] :
  oid = 626181
  score = 64
  query
  {
    frame = 1
    offset = 0
    end = 70
  }
  subject
  {
    frame = 1
    offset = 1326
    end = 1396
  }

iterate_HSPs - have HSP [ 0 ] :
  oid = 645404
  score = 64
  query
  {
    frame = 1
    offset = 0
    end = 70
  }
  subject
  {
    frame = 1
    offset = 2414
    end = 2484
  }

