hsp:{ "oid": 16088, "score": 46, "qstart": 3, "qstop": 70, "sstart": 2416, "sstop": 2483, "sgapstart": 2458, "qgapstart": 45, "part": "nt_50M.18"  }
hsp:{ "oid": 16374, "score": 61, "qstart": 0, "qstop": 70, "sstart": 329, "sstop": 399, "sgapstart": 375, "qgapstart": 46, "part": "nt_50M.14"  }
hsp:{ "oid": 19059, "score": 70, "qstart": 0, "qstop": 70, "sstart": 334, "sstop": 404, "sgapstart": 352, "qgapstart": 18, "part": "nt_50M.14"  }
hsp:{ "oid": -1, "score": -1, "qstart": -1, "qstop": -1, "sstart": -1, "sstop": -1, "sgapstart": -1, "qgapstart": -1, "part": "nt_50M.12"  }
hsp:{ "oid": -1, "score": -1, "qstart": -1, "qstop": -1, "sstart": -1, "sstop": -1, "sgapstart": -1, "qgapstart": -1, "part": "nt_50M.13"  }
hsp:{ "oid": -1, "score": -1, "qstart": -1, "qstop": -1, "sstart": -1, "sstop": -1, "sgapstart": -1, "qgapstart": -1, "part": "nt_50M.15"  }
hsp:{ "oid": -1, "score": -1, "qstart": -1, "qstop": -1, "sstart": -1, "sstop": -1, "sgapstart": -1, "qgapstart": -1, "part": "nt_50M.16"  }
hsp:{ "oid": -1, "score": -1, "qstart": -1, "qstop": -1, "sstart": -1, "sstop": -1, "sgapstart": -1, "qgapstart": -1, "part": "nt_50M.17"  }
[{ "oid": 16088, "score": 46, "qstart": 3, "qstop": 70, "sstart": 2416, "sstop": 2483, "sgapstart": 2458, "qgapstart": 45, "part": "nt_50M.18"  }
[{ "oid": 16374, "score": 61, "qstart": 0, "qstop": 70, "sstart": 329, "sstop": 399, "sgapstart": 375, "qgapstart": 46, "part": "nt_50M.14"  }
, { "oid": 19059, "score": 70, "qstart": 0, "qstop": 70, "sstart": 334, "sstop": 404, "sgapstart": 352, "qgapstart": 18, "part": "nt_50M.14"  }
[{ "oid": -1, "score": -1, "qstart": -1, "qstop": -1, "sstart": -1, "sstop": -1, "sgapstart": -1, "qgapstart": -1, "part": "nt_50M.12"  }
[{ "oid": -1, "score": -1, "qstart": -1, "qstop": -1, "sstart": -1, "sstop": -1, "sgapstart": -1, "qgapstart": -1, "part": "nt_50M.13"  }
[{ "oid": -1, "score": -1, "qstart": -1, "qstop": -1, "sstart": -1, "sstop": -1, "sgapstart": -1, "qgapstart": -1, "part": "nt_50M.15"  }
[{ "oid": -1, "score": -1, "qstart": -1, "qstop": -1, "sstart": -1, "sstop": -1, "sgapstart": -1, "qgapstart": -1, "part": "nt_50M.16"  }
[{ "oid": -1, "score": -1, "qstart": -1, "qstop": -1, "sstart": -1, "sstop": -1, "sgapstart": -1, "qgapstart": -1, "part": "nt_50M.17"  }
