Welcome to blast_server
{
  "blast_tb_list": [
    {
      "asn1_blob": [
        48,
        -128,
        -96,
        -128,
        10,
        1,
        3,
        0,
        0,
        -95,
        -128,
        2,
        1,
        2,
        0,
        0,
        -94,
        -128,
        49,
        -128,
        48,
        -128,
        -96,
        -128,
        -95,
        -128,
        26,
        5,
        115,
        99,
        111,
        114,
        101,
        0,
        0,
        0,
        0,
        -95,
        -128,
        -95,
        -128,
        2,
        1,
        101,
        0,
        0,
        0,
        0,
        0,
        0,
        48,
        -128,
        -96,
        -128,
        -95,
        -128,
        26,
        11,
        98,
        108,
        97,
        115,
        116,
        95,
        115,
        99,
        111,
        114,
        101,
        0,
        0,
        0,
        0,
        -95,
        -128,
        -95,
        -128,
        2,
        1,
        101,
        0,
        0,
        0,
        0,
        0,
        0,
        48,
        -128,
        -96,
        -128,
        -95,
        -128,
        26,
        7,
        101,
        95,
        118,
        97,
        108,
        117,
        101,
        0,
        0,
        0,
        0,
        -95,
        -128,
        -96,
        -128,
        9,
        17,
        0,
        49,
        46,
        51,
        53,
        55,
        53,
        55,
        48,
        53,
        57,
        55,
        49,
        48,
        51,
        49,
        52,
        0,
        0,
        0,
        0,
        0,
        0,
        48,
        -128,
        -96,
        -128,
        -95,
        -128,
        26,
        9,
        98,
        105,
        116,
        95,
        115,
        99,
        111,
        114,
        101,
        0,
        0,
        0,
        0,
        -95,
        -128,
        -96,
        -128,
        9,
        17,
        0,
        52,
        51,
        46,
        53,
        49,
        51,
        51,
        56,
        57,
        52,
        52,
        55,
        54,
        57,
        54,
        55,
        0,
        0,
        0,
        0,
        0,
        0,
        48,
        -128,
        -96,
        -128,
        -95,
        -128,
        26,
        9,
        110,
        117,
        109,
        95,
        105,
        100,
        101,
        110,
        116,
        0,
        0,
        0,
        0,
        -95,
        -128,
        -95,
        -128,
        2,
        1,
        33,
        0,
        0,
        0,
        0,
        0,
        0,
        48,
        -128,
        -96,
        -128,
        -95,
        -128,
        26,
        22,
        99,
        111,
        109,
        112,
        95,
        97,
        100,
        106,
        117,
        115,
        116,
        109,
        101,
        110,
        116,
        95,
        109,
        101,
        116,
        104,
        111,
        100,
        0,
        0,
        0,
        0,
        -95,
        -128,
        -95,
        -128,
        2,
        1,
        1,
        0,
        0,
        0,
        0,
        0,
        0,
        48,
        -128,
        -96,
        -128,
        -95,
        -128,
        26,
        13,
        110,
        117,
        109,
        95,
        112,
        111,
        115,
        105,
        116,
        105,
        118,
        101,
        115,
        0,
        0,
        0,
        0,
        -95,
        -128,
        -95,
        -128,
        2,
        1,
        41,
        0,
        0,
        0,
        0,
        0,
        0,
        48,
        -128,
        -96,
        -128,
        -95,
        -128,
        26,
        20,
        104,
        115,
        112,
        95,
        112,
        101,
        114,
        99,
        101,
        110,
        116,
        95,
        99,
        111,
        118,
        101,
        114,
        97,
        103,
        101,
        0,
        0,
        0,
        0,
        -95,
        -128,
        -96,
        -128,
        9,
        17,
        0,
        57,
        46,
        52,
        56,
        54,
        49,
        55,
        53,
        49,
        49,
        53,
        50,
        48,
        55,
        51,
        55,
        0,
        0,
        0,
        0,
        0,
        0,
        0,
        0,
        0,
        0,
        -93,
        -128,
        -95,
        -128,
        48,
        -128,
        -96,
        -128,
        2,
        1,
        2,
        0,
        0,
        -95,
        -128,
        2,
        1,
        9,
        0,
        0,
        -94,
        -128,
        48,
        -128,
        -96,
        -128,
        -95,
        -128,
        26,
        11,
        81,
        117,
        101,
        114,
        121,
        95,
        57,
        48,
        50,
        54,
        54,
        0,
        0,
        0,
        0,
        -85,
        -128,
        2,
        4,
        31,
        -88,
        -84,
        15,
        0,
        0,
        0,
        0,
        0,
        0,
        -93,
        -128,
        48,
        -128,
        2,
        2,
        2,
        -127,
        2,
        1,
        18,
        2,
        2,
        2,
        -108,
        2,
        1,
        -1,
        2,
        2,
        2,
        -107,
        2,
        1,
        37,
        2,
        2,
        2,
        -86,
        2,
        1,
        -1,
        2,
        2,
        2,
        -80,
        2,
        1,
        58,
        2,
        1,
        -1,
        2,
        1,
        69,
        2,
        2,
        2,
        -69,
        2,
        1,
        70,
        2,
        1,
        -1,
        2,
        1,
        74,
        2,
        2,
        2,
        -65,
        2,
        1,
        75,
        0,
        0,
        0,
        0,
        -92,
        -128,
        48,
        -128,
        2,
        1,
        19,
        2,
        1,
        1,
        2,
        1,
        21,
        2,
        1,
        6,
        2,
        1,
        11,
        2,
        1,
        1,
        2,
        1,
        4,
        2,
        1,
        1,
        2,
        1,
        16,
        0,
        0,
        0,
        0,
        -91,
        -128,
        48,
        -128,
        10,
        1,
        0,
        10,
        1,
        0,
        10,
        1,
        0,
        10,
        1,
        0,
        10,
        1,
        0,
        10,
        1,
        0,
        10,
        1,
        0,
        10,
        1,
        0,
        10,
        1,
        0,
        10,
        1,
        0,
        10,
        1,
        0,
        10,
        1,
        0,
        10,
        1,
        0,
        10,
        1,
        0,
        10,
        1,
        0,
        10,
        1,
        0,
        10,
        1,
        0,
        10,
        1,
        0,
        0,
        0,
        0,
        0,
        0,
        0,
        0,
        0,
        0,
        0,
        0,
        0
      ],
      "oid": 127229,
      "ties": [
        -3056,
        101,
        531147791
      ]
    },
    {
      "asn1_blob": [
        48,
        -128,
        -96,
        -128,
        10,
        1,
        3,
        0,
        0,
        -95,
        -128,
        2,
        1,
        2,
        0,
        0,
        -94,
        -128,
        49,
        -128,
        48,
        -128,
        -96,
        -128,
        -95,
        -128,
        26,
        5,
        115,
        99,
        111,
        114,
        101,
        0,
        0,
        0,
        0,
        -95,
        -128,
        -95,
        -128,
        2,
        1,
        100,
        0,
        0,
        0,
        0,
        0,
        0,
        48,
        -128,
        -96,
        -128,
        -95,
        -128,
        26,
        11,
        98,
        108,
        97,
        115,
        116,
        95,
        115,
        99,
        111,
        114,
        101,
        0,
        0,
        0,
        0,
        -95,
        -128,
        -95,
        -128,
        2,
        1,
        100,
        0,
        0,
        0,
        0,
        0,
        0,
        48,
        -128,
        -96,
        -128,
        -95,
        -128,
        26,
        7,
        101,
        95,
        118,
        97,
        108,
        117,
        101,
        0,
        0,
        0,
        0,
        -95,
        -128,
        -96,
        -128,
        9,
        16,
        0,
        49,
        46,
        57,
        49,
        57,
        55,
        56,
        54,
        49,
        52,
        52,
        52,
        49,
        49,
        55,
        0,
        0,
        0,
        0,
        0,
        0,
        48,
        -128,
        -96,
        -128,
        -95,
        -128,
        26,
        9,
        98,
        105,
        116,
        95,
        115,
        99,
        111,
        114,
        101,
        0,
        0,
        0,
        0,
        -95,
        -128,
        -96,
        -128,
        9,
        17,
        0,
        52,
        51,
        46,
        49,
        50,
        56,
        49,
        56,
        57,
        56,
        55,
        49,
        55,
        55,
        57,
        51,
        0,
        0,
        0,
        0,
        0,
        0,
        48,
        -128,
        -96,
        -128,
        -95,
        -128,
        26,
        9,
        110,
        117,
        109,
        95,
        105,
        100,
        101,
        110,
        116,
        0,
        0,
        0,
        0,
        -95,
        -128,
        -95,
        -128,
        2,
        1,
        33,
        0,
        0,
        0,
        0,
        0,
        0,
        48,
        -128,
        -96,
        -128,
        -95,
        -128,
        26,
        22,
        99,
        111,
        109,
        112,
        95,
        97,
        100,
        106,
        117,
        115,
        116,
        109,
        101,
        110,
        116,
        95,
        109,
        101,
        116,
        104,
        111,
        100,
        0,
        0,
        0,
        0,
        -95,
        -128,
        -95,
        -128,
        2,
        1,
        1,
        0,
        0,
        0,
        0,
        0,
        0,
        48,
        -128,
        -96,
        -128,
        -95,
        -128,
        26,
        13,
        110,
        117,
        109,
        95,
        112,
        111,
        115,
        105,
        116,
        105,
        118,
        101,
        115,
        0,
        0,
        0,
        0,
        -95,
        -128,
        -95,
        -128,
        2,
        1,
        41,
        0,
        0,
        0,
        0,
        0,
        0,
        48,
        -128,
        -96,
        -128,
        -95,
        -128,
        26,
        20,
        104,
        115,
        112,
        95,
        112,
        101,
        114,
        99,
        101,
        110,
        116,
        95,
        99,
        111,
        118,
        101,
        114,
        97,
        103,
        101,
        0,
        0,
        0,
        0,
        -95,
        -128,
        -96,
        -128,
        9,
        17,
        0,
        57,
        46,
        52,
        56,
        54,
        49,
        55,
        53,
        49,
        49,
        53,
        50,
        48,
        55,
        51,
        55,
        0,
        0,
        0,
        0,
        0,
        0,
        0,
        0,
        0,
        0,
        -93,
        -128,
        -95,
        -128,
        48,
        -128,
        -96,
        -128,
        2,
        1,
        2,
        0,
        0,
        -95,
        -128,
        2,
        1,
        9,
        0,
        0,
        -94,
        -128,
        48,
        -128,
        -96,
        -128,
        -95,
        -128,
        26,
        11,
        81,
        117,
        101,
        114,
        121,
        95,
        57,
        48,
        50,
        54,
        54,
        0,
        0,
        0,
        0,
        -85,
        -128,
        2,
        4,
        31,
        -88,
        116,
        82,
        0,
        0,
        0,
        0,
        0,
        0,
        -93,
        -128,
        48,
        -128,
        2,
        2,
        2,
        -127,
        2,
        1,
        18,
        2,
        2,
        2,
        -108,
        2,
        1,
        -1,
        2,
        2,
        2,
        -107,
        2,
        1,
        37,
        2,
        2,
        2,
        -86,
        2,
        1,
        -1,
        2,
        2,
        2,
        -80,
        2,
        1,
        58,
        2,
        1,
        -1,
        2,
        1,
        69,
        2,
        2,
        2,
        -69,
        2,
        1,
        70,
        2,
        1,
        -1,
        2,
        1,
        74,
        2,
        2,
        2,
        -65,
        2,
        1,
        75,
        0,
        0,
        0,
        0,
        -92,
        -128,
        48,
        -128,
        2,
        1,
        19,
        2,
        1,
        1,
        2,
        1,
        21,
        2,
        1,
        6,
        2,
        1,
        11,
        2,
        1,
        1,
        2,
        1,
        4,
        2,
        1,
        1,
        2,
        1,
        16,
        0,
        0,
        0,
        0,
        -91,
        -128,
        48,
        -128,
        10,
        1,
        0,
        10,
        1,
        0,
        10,
        1,
        0,
        10,
        1,
        0,
        10,
        1,
        0,
        10,
        1,
        0,
        10,
        1,
        0,
        10,
        1,
        0,
        10,
        1,
        0,
        10,
        1,
        0,
        10,
        1,
        0,
        10,
        1,
        0,
        10,
        1,
        0,
        10,
        1,
        0,
        10,
        1,
        0,
        10,
        1,
        0,
        10,
        1,
        0,
        10,
        1,
        0,
        0,
        0,
        0,
        0,
        0,
        0,
        0,
        0,
        0,
        0,
        0,
        0
      ],
      "oid": 118965,
      "ties": [
        -6522,
        100,
        531133522
      ]
    },
    {
      "asn1_blob": [
        48,
        -128,
        -96,
        -128,
        10,
        1,
        3,
        0,
        0,
        -95,
        -128,
        2,
        1,
        2,
        0,
        0,
        -94,
        -128,
        49,
        -128,
        48,
        -128,
        -96,
        -128,
        -95,
        -128,
        26,
        5,
        115,
        99,
        111,
        114,
        101,
        0,
        0,
        0,
        0,
        -95,
        -128,
        -95,
        -128,
        2,
        1,
        97,
        0,
        0,
        0,
        0,
        0,
        0,
        48,
        -128,
        -96,
        -128,
        -95,
        -128,
        26,
        11,
        98,
        108,
        97,
        115,
        116,
        95,
        115,
        99,
        111,
        114,
        101,
        0,
        0,
        0,
        0,
        -95,
        -128,
        -95,
        -128,
        2,
        1,
        97,
        0,
        0,
        0,
        0,
        0,
        0,
        48,
        -128,
        -96,
        -128,
        -95,
        -128,
        26,
        7,
        101,
        95,
        118,
        97,
        108,
        117,
        101,
        0,
        0,
        0,
        0,
        -95,
        -128,
        -96,
        -128,
        9,
        17,
        0,
        52,
        46,
        48,
        50,
        51,
        48,
        50,
        50,
        54,
        55,
        50,
        54,
        53,
        51,
        50,
        56,
        0,
        0,
        0,
        0,
        0,
        0,
        48,
        -128,
        -96,
        -128,
        -95,
        -128,
        26,
        9,
        98,
        105,
        116,
        95,
        115,
        99,
        111,
        114,
        101,
        0,
        0,
        0,
        0,
        -95,
        -128,
        -96,
        -128,
        9,
        17,
        0,
        52,
        49,
        46,
        57,
        55,
        50,
        53,
        57,
        49,
        49,
        52,
        52,
        48,
        50,
        55,
        51,
        0,
        0,
        0,
        0,
        0,
        0,
        48,
        -128,
        -96,
        -128,
        -95,
        -128,
        26,
        9,
        110,
        117,
        109,
        95,
        105,
        100,
        101,
        110,
        116,
        0,
        0,
        0,
        0,
        -95,
        -128,
        -95,
        -128,
        2,
        1,
        33,
        0,
        0,
        0,
        0,
        0,
        0,
        48,
        -128,
        -96,
        -128,
        -95,
        -128,
        26,
        22,
        99,
        111,
        109,
        112,
        95,
        97,
        100,
        106,
        117,
        115,
        116,
        109,
        101,
        110,
        116,
        95,
        109,
        101,
        116,
        104,
        111,
        100,
        0,
        0,
        0,
        0,
        -95,
        -128,
        -95,
        -128,
        2,
        1,
        1,
        0,
        0,
        0,
        0,
        0,
        0,
        48,
        -128,
        -96,
        -128,
        -95,
        -128,
        26,
        13,
        110,
        117,
        109,
        95,
        112,
        111,
        115,
        105,
        116,
        105,
        118,
        101,
        115,
        0,
        0,
        0,
        0,
        -95,
        -128,
        -95,
        -128,
        2,
        1,
        39,
        0,
        0,
        0,
        0,
        0,
        0,
        48,
        -128,
        -96,
        -128,
        -95,
        -128,
        26,
        20,
        104,
        115,
        112,
        95,
        112,
        101,
        114,
        99,
        101,
        110,
        116,
        95,
        99,
        111,
        118,
        101,
        114,
        97,
        103,
        101,
        0,
        0,
        0,
        0,
        -95,
        -128,
        -96,
        -128,
        9,
        17,
        0,
        57,
        46,
        52,
        56,
        54,
        49,
        55,
        53,
        49,
        49,
        53,
        50,
        48,
        55,
        51,
        55,
        0,
        0,
        0,
        0,
        0,
        0,
        0,
        0,
        0,
        0,
        -93,
        -128,
        -95,
        -128,
        48,
        -128,
        -96,
        -128,
        2,
        1,
        2,
        0,
        0,
        -95,
        -128,
        2,
        1,
        9,
        0,
        0,
        -94,
        -128,
        48,
        -128,
        -96,
        -128,
        -95,
        -128,
        26,
        11,
        81,
        117,
        101,
        114,
        121,
        95,
        57,
        48,
        50,
        54,
        54,
        0,
        0,
        0,
        0,
        -85,
        -128,
        2,
        4,
        31,
        -80,
        2,
        -63,
        0,
        0,
        0,
        0,
        0,
        0,
        -93,
        -128,
        48,
        -128,
        2,
        2,
        2,
        -127,
        2,
        1,
        6,
        2,
        2,
        2,
        -113,
        2,
        1,
        -1,
        2,
        2,
        2,
        -109,
        2,
        1,
        20,
        2,
        2,
        2,
        -86,
        2,
        1,
        -1,
        2,
        2,
        2,
        -80,
        2,
        1,
        43,
        2,
        1,
        -1,
        2,
        1,
        54,
        2,
        2,
        2,
        -69,
        2,
        1,
        55,
        2,
        1,
        -1,
        2,
        1,
        59,
        2,
        2,
        2,
        -65,
        2,
        1,
        60,
        0,
        0,
        0,
        0,
        -92,
        -128,
        48,
        -128,
        2,
        1,
        14,
        2,
        1,
        4,
        2,
        1,
        23,
        2,
        1,
        6,
        2,
        1,
        11,
        2,
        1,
        1,
        2,
        1,
        4,
        2,
        1,
        1,
        2,
        1,
        16,
        0,
        0,
        0,
        0,
        -91,
        -128,
        48,
        -128,
        10,
        1,
        0,
        10,
        1,
        0,
        10,
        1,
        0,
        10,
        1,
        0,
        10,
        1,
        0,
        10,
        1,
        0,
        10,
        1,
        0,
        10,
        1,
        0,
        10,
        1,
        0,
        10,
        1,
        0,
        10,
        1,
        0,
        10,
        1,
        0,
        10,
        1,
        0,
        10,
        1,
        0,
        10,
        1,
        0,
        10,
        1,
        0,
        10,
        1,
        0,
        10,
        1,
        0,
        0,
        0,
        0,
        0,
        0,
        0,
        0,
        0,
        0,
        0,
        0,
        0
      ],
      "oid": 118965,
      "ties": [
        -13920,
        97,
        531628737
      ]
    }
  ],
  "protocol": "traceback-results-1.0"
}