hsp:{ "oid": 16088, "score": 46, "qstart": 3, "qstop": 70, "qframe": 1, "qgapstart": 45, "sstart": 2416, "sstop": 2483, "sframe": 1, "sgapstart": 2458, , "part": "nt_50M.18" , "RID": "ReqID123" , "db": "nt_50M.18" , "params": "blastn" , "query": "CCGCAAGCCAGAGCAACAGCTCTAACAAGCAGAAATTCTGACCAAACTGATCCGGTAAAACCGATCAACG"  }
hsp:{ "oid": 16374, "score": 61, "qstart": 0, "qstop": 70, "qframe": 1, "qgapstart": 46, "sstart": 329, "sstop": 399, "sframe": 1, "sgapstart": 375, , "part": "nt_50M.14" , "RID": "ReqID123" , "db": "nt_50M.14" , "params": "blastn" , "query": "CCGCAAGCCAGAGCAACAGCTCTAACAAGCAGAAATTCTGACCAAACTGATCCGGTAAAACCGATCAACG"  }
hsp:{ "oid": 19059, "score": 70, "qstart": 0, "qstop": 70, "qframe": 1, "qgapstart": 18, "sstart": 334, "sstop": 404, "sframe": 1, "sgapstart": 352, , "part": "nt_50M.14" , "RID": "ReqID123" , "db": "nt_50M.14" , "params": "blastn" , "query": "CCGCAAGCCAGAGCAACAGCTCTAACAAGCAGAAATTCTGACCAAACTGATCCGGTAAAACCGATCAACG"  }
hsp:{ "oid": -1, "score": -1, "qstart": -1, "qstop": -1, "qframe": -1, "qgapstart": -1, "sstart": -1, "sstop": -1, "sframe": -1, "sgapstart": -1, , "part": "nt_50M.12" , "RID": "ReqID123" , "db": "nt_50M.12" , "params": "blastn" , "query": "CCGCAAGCCAGAGCAACAGCTCTAACAAGCAGAAATTCTGACCAAACTGATCCGGTAAAACCGATCAACG"  }
hsp:{ "oid": -1, "score": -1, "qstart": -1, "qstop": -1, "qframe": -1, "qgapstart": -1, "sstart": -1, "sstop": -1, "sframe": -1, "sgapstart": -1, , "part": "nt_50M.13" , "RID": "ReqID123" , "db": "nt_50M.13" , "params": "blastn" , "query": "CCGCAAGCCAGAGCAACAGCTCTAACAAGCAGAAATTCTGACCAAACTGATCCGGTAAAACCGATCAACG"  }
hsp:{ "oid": -1, "score": -1, "qstart": -1, "qstop": -1, "qframe": -1, "qgapstart": -1, "sstart": -1, "sstop": -1, "sframe": -1, "sgapstart": -1, , "part": "nt_50M.15" , "RID": "ReqID123" , "db": "nt_50M.15" , "params": "blastn" , "query": "CCGCAAGCCAGAGCAACAGCTCTAACAAGCAGAAATTCTGACCAAACTGATCCGGTAAAACCGATCAACG"  }
hsp:{ "oid": -1, "score": -1, "qstart": -1, "qstop": -1, "qframe": -1, "qgapstart": -1, "sstart": -1, "sstop": -1, "sframe": -1, "sgapstart": -1, , "part": "nt_50M.16" , "RID": "ReqID123" , "db": "nt_50M.16" , "params": "blastn" , "query": "CCGCAAGCCAGAGCAACAGCTCTAACAAGCAGAAATTCTGACCAAACTGATCCGGTAAAACCGATCAACG"  }
hsp:{ "oid": -1, "score": -1, "qstart": -1, "qstop": -1, "qframe": -1, "qgapstart": -1, "sstart": -1, "sstop": -1, "sframe": -1, "sgapstart": -1, , "part": "nt_50M.17" , "RID": "ReqID123" , "db": "nt_50M.17" , "params": "blastn" , "query": "CCGCAAGCCAGAGCAACAGCTCTAACAAGCAGAAATTCTGACCAAACTGATCCGGTAAAACCGATCAACG"  }
[{ "oid": 16088, "score": 46, "qstart": 3, "qstop": 70, "qframe": 1, "qgapstart": 45, "sstart": 2416, "sstop": 2483, "sframe": 1, "sgapstart": 2458, , "part": "nt_50M.18" , "RID": "ReqID123" , "db": "nt_50M.18" , "params": "blastn" , "query": "CCGCAAGCCAGAGCAACAGCTCTAACAAGCAGAAATTCTGACCAAACTGATCCGGTAAAACCGATCAACG"  }
[{ "oid": 16374, "score": 61, "qstart": 0, "qstop": 70, "qframe": 1, "qgapstart": 46, "sstart": 329, "sstop": 399, "sframe": 1, "sgapstart": 375, , "part": "nt_50M.14" , "RID": "ReqID123" , "db": "nt_50M.14" , "params": "blastn" , "query": "CCGCAAGCCAGAGCAACAGCTCTAACAAGCAGAAATTCTGACCAAACTGATCCGGTAAAACCGATCAACG"  }
, { "oid": 19059, "score": 70, "qstart": 0, "qstop": 70, "qframe": 1, "qgapstart": 18, "sstart": 334, "sstop": 404, "sframe": 1, "sgapstart": 352, , "part": "nt_50M.14" , "RID": "ReqID123" , "db": "nt_50M.14" , "params": "blastn" , "query": "CCGCAAGCCAGAGCAACAGCTCTAACAAGCAGAAATTCTGACCAAACTGATCCGGTAAAACCGATCAACG"  }
[{ "oid": -1, "score": -1, "qstart": -1, "qstop": -1, "qframe": -1, "qgapstart": -1, "sstart": -1, "sstop": -1, "sframe": -1, "sgapstart": -1, , "part": "nt_50M.12" , "RID": "ReqID123" , "db": "nt_50M.12" , "params": "blastn" , "query": "CCGCAAGCCAGAGCAACAGCTCTAACAAGCAGAAATTCTGACCAAACTGATCCGGTAAAACCGATCAACG"  }
[{ "oid": -1, "score": -1, "qstart": -1, "qstop": -1, "qframe": -1, "qgapstart": -1, "sstart": -1, "sstop": -1, "sframe": -1, "sgapstart": -1, , "part": "nt_50M.13" , "RID": "ReqID123" , "db": "nt_50M.13" , "params": "blastn" , "query": "CCGCAAGCCAGAGCAACAGCTCTAACAAGCAGAAATTCTGACCAAACTGATCCGGTAAAACCGATCAACG"  }
[{ "oid": -1, "score": -1, "qstart": -1, "qstop": -1, "qframe": -1, "qgapstart": -1, "sstart": -1, "sstop": -1, "sframe": -1, "sgapstart": -1, , "part": "nt_50M.15" , "RID": "ReqID123" , "db": "nt_50M.15" , "params": "blastn" , "query": "CCGCAAGCCAGAGCAACAGCTCTAACAAGCAGAAATTCTGACCAAACTGATCCGGTAAAACCGATCAACG"  }
[{ "oid": -1, "score": -1, "qstart": -1, "qstop": -1, "qframe": -1, "qgapstart": -1, "sstart": -1, "sstop": -1, "sframe": -1, "sgapstart": -1, , "part": "nt_50M.16" , "RID": "ReqID123" , "db": "nt_50M.16" , "params": "blastn" , "query": "CCGCAAGCCAGAGCAACAGCTCTAACAAGCAGAAATTCTGACCAAACTGATCCGGTAAAACCGATCAACG"  }
[{ "oid": -1, "score": -1, "qstart": -1, "qstop": -1, "qframe": -1, "qgapstart": -1, "sstart": -1, "sstop": -1, "sframe": -1, "sgapstart": -1, , "part": "nt_50M.17" , "RID": "ReqID123" , "db": "nt_50M.17" , "params": "blastn" , "query": "CCGCAAGCCAGAGCAACAGCTCTAACAAGCAGAAATTCTGACCAAACTGATCCGGTAAAACCGATCAACG"  }
